Tentando conectar ao banco de dados...
Conex├úo bem-sucedida! N├║mero de pets: 6
node.exe : Erro ao 
conectar ou consultar 
o banco de dados:
No linha:1 caractere:1
+ & "C:\Program Files\
nodejs/node.exe" 
"C:\Program 
Files\nodejs/node_mo 
...
+ ~~~~~~~~~~~~~~~~~~~~
~~~~~~~~~~~~~~~~~~~~~~
~~~~~~~~~~~~~~~~~~~~~~
~~~~~
    + CategoryInfo    
          : NotSpeci  
  fied: (Erro ao co   
 necta...banco de     
dados::String) []    
, RemoteException
    + FullyQualifiedE 
   rrorId : NativeCo  
  mmandError
 
PrismaClientKnownReque
stError: 
Invalid `prisma.pet.fi
ndFirst()` invocation 
in
C:\Users\Sidney\Downlo
ads\Projetos\petlocal\
test-db.ts:10:43

   7 const petCount = 
await 
prisma.pet.count();
   8 
console.log(`Conex├úo 
bem-sucedida! N├║mero 
de pets: 
${petCount}`);
   9 
ÔåÆ 10 const firstPet 
= await 
prisma.pet.findFirst(
The column 
`Pet.ownerPhotoUrl` 
does not exist in the 
current database.
    at 
ei.handleRequestError 
(C:\Users\Sidney\Downl
oads\Projetos\petlocal
\node_modules\@prisma\
client\src\runtime\Req
uestHandler.ts:228:13)
    at ei.handleAndLog
RequestError (C:\Users
\Sidney\Downloads\Proj
etos\petlocal\node_mod
ules\@prisma\client\sr
c\runtime\RequestHandl
er.ts:174:12)
    at ei.request (C:\
Users\Sidney\Downloads
\Projetos\petlocal\nod
e_modules\@prisma\clie
nt\src\runtime\Request
Handler.ts:143:12)
    at async a (C:\Use
rs\Sidney\Downloads\Pr
ojetos\petlocal\node_m
odules\@prisma\client\
src\runtime\getPrismaC
lient.ts:833:24)
    at async main (C:\
Users\Sidney\Downloads
\Projetos\petlocal\tes
t-db.ts:10:26) {
  code: 'P2022',
  meta: { modelName: 
'Pet', column: 
'Pet.ownerPhotoUrl' },
  clientVersion: 
'6.19.2'
}
